// Jest Snapshot v1, https://goo.gl/fbAQLP

exports[`WithForm render withForm is rendered correctly 1`] = `<div />`;
