// Jest Snapshot v1, https://goo.gl/fbAQLP

exports[`Map render correctly 1`] = `
<section
  className="map cities__map"
  id="map"
/>
`;
